eeschema (2013-jul-07)-stable  >> Creation date: Wed 18 Nov 2015 21:31:03 AEDT
#Cmp ( order = Reference )
| C1         47uF        
| C2         0.1 uF      
| C3         0.1uF       
| C4         0.1uF       
| C5         0.1uF       
| C6         0.1uF       
| C7         4.7uF       
| C8         10pF        
| C9         1pF         
| C10        0.1uF       
| C11        0.1uF       
| C12        0.1uF       
| C13        0.1uF       
| C14        4.7uF       
| D1         1N5822      
| D2         1N4002      
| D3         FR304       
| D4         FR304       
| D5         BAT48       
| D6         BAT48       
| D7         BAT48       
| D8         BAT48       
| D9         BAT48       
| D10        BAT48       
| D11        BAT48       
| D12        BAT48       
| IC1        6N138       
| L1         47uH        
| L2         47uH        
| L3         47uH        
| P1         INJECTOR    
| P2         FAN/PUMP    
| P3         IGNITION    
| P4         LOAD        
| P5         THROTTLE    
| P6         SERVO       
| P7         HALL        
| P8         ENGINE_TEMP 
| P9         POWER       
| P10        PUMP        
| P11        AIR_TEMP    
| P12        I2C         
| P13        SERIAL      
| P14        SPI         
| Q1         IRL540N     
| Q2         IRL540N     
| R1         47k         
| R2         1k          
| R3         47k         
| R4         1k          
| R5         470         
| R6         330         
| R7         2.2k        
| R8         180         
| R9         470         
| R10        180         
| R11        470         
| R12        20k         
| R13        10k         
| R14        1k          
| R15        10k         
| R16        10k         
| R17        1k          
| R18        10k         
| R19        1k          
| R20        240         
| R21        20k         
| R22        10k         
| R23        1k          
| R24        220         
| R25        180         
| R26        470         
| R27        470         
| R28        180         
| R29        10k         
| R30        1k          
| R31        180         
| R32        180         
| T4         TVS(1.5KE16CA)
| U1         ARDUINO_NANO
| U2         74AHC1G14   
| U3         74AHC1G14   
| U4         7805        
| Z1         1N5365B     
| Z2         IN4732 (4.7V)
| Z3         1N4733      
| Z4         1N4733      
| Z5         1N4733      
| Z6         1N4733      
| Z7         1N4733      
| Z8         1N4733      
| Z9         1N4733      
#End Cmp

#Cmp ( order = Value )
| 1pF          C9        
| 10pF         C8        
| 0.1uF        C3        
| 0.1uF        C4        
| 0.1uF        C5        
| 0.1uF        C6        
| 0.1uF        C10       
| 0.1uF        C11       
| 0.1uF        C12       
| 0.1uF        C13       
| 4.7uF        C7        
| 4.7uF        C14       
| 47uF         C1        
| 0.1 uF       C2        
| 1N5822       D1        
| FR304        D3        
| FR304        D4        
| BAT48        D5        
| BAT48        D6        
| BAT48        D7        
| BAT48        D8        
| BAT48        D9        
| BAT48        D10       
| BAT48        D11       
| BAT48        D12       
| 1N4002       D2        
| 6N138        IC1       
| 47uH         L1        
| 47uH         L2        
| 47uH         L3        
| INJECTOR     P1        
| FAN/PUMP     P2        
| POWER        P9        
| IGNITION     P3        
| LOAD         P4        
| THROTTLE     P5        
| SERVO        P6        
| HALL         P7        
| ENGINE_TEMP  P8        
| PUMP         P10       
| AIR_TEMP     P11       
| SERIAL       P13       
| I2C          P12       
| SPI          P14       
| IRL540N      Q1        
| IRL540N      Q2        
| 180          R8        
| 180          R10       
| 180          R25       
| 180          R28       
| 180          R31       
| 180          R32       
| 220          R24       
| 240          R20       
| 330          R6        
| 470          R5        
| 470          R9        
| 470          R11       
| 470          R26       
| 470          R27       
| 1k           R2        
| 1k           R4        
| 1k           R14       
| 1k           R17       
| 1k           R19       
| 1k           R23       
| 1k           R30       
| 2.2k         R7        
| 10k          R13       
| 10k          R15       
| 10k          R16       
| 10k          R18       
| 10k          R22       
| 10k          R29       
| 20k          R12       
| 20k          R21       
| 47k          R1        
| 47k          R3        
| TVS(1.5KE16CA) T4        
| 7805         U4        
| ARDUINO_NANO U1        
| 74AHC1G14    U2        
| 74AHC1G14    U3        
| 1N5365B      Z1        
| IN4732 (4.7V) Z2        
| 1N4733       Z3        
| 1N4733       Z4        
| 1N4733       Z5        
| 1N4733       Z6        
| 1N4733       Z7        
| 1N4733       Z8        
| 1N4733       Z9        
#End Cmp

#End List
